todo: X pays 1.0 to A
todo: Y pays 1.0 to A
todo: Z pays 1.0 to A
