todo: B pays 53.0 to A
todo: C pays 57.0 to A
todo: D pays 85.0 to A
todo: E pays 85.0 to A
todo: X pays 1.0 to A
