todo: B pays 1.0 to A
todo: D pays 2.5 to C
todo: E pays 3.5 to F
todo: H pays 0.6666667 to G
