todo: B pays 25.0 to A
todo: D pays 17.0 to C
todo: F pays 1.0 to E
todo: G pays 7.0 to H
todo: I pays 9.0 to J
