todo: B pays 1.23 to A
todo: D pays 4.56 to C
todo: F pays 7.0 to E
