todo: D pays 1.0 to C
todo: E pays 1.0 to B
todo: F pays 1.0 to A
