todo: B pays 1.0 to A
todo: C pays 1.0 to A
todo: D pays 1.0 to A
