todo: D pays 1.0 to A
todo: D pays 1.0 to B
todo: D pays 1.0 to C
