todo: B pays 3.0 to A
todo: C pays 3.0 to A
todo: D pays 2.0 to A
todo: E pays 2.0 to A
todo: F pays 2.0 to A
