todo: B pays 1.0 to A
todo: C pays 2.0 to A
todo: D pays 1.0 to A
todo: E pays 3.0 to A
todo: F pays 5.0 to A
