todo: B pays 1.0 to A
todo: D pays 2.0 to I
todo: F pays 3.0 to E
todo: H pays 4.0 to G
todo: J pays 2.0 to C
